/modules/uri_apps/software/QUAST/5.0.2-foss-2021b/bin/quast --eukaryote Ptua_hifiasm_s35.p_ctg.fa Ptua_hifiasm_s45.p_ctg.fa Ptua_hifiasm_s55.p_ctg.fa Ptua_hifiasm_s65.p_ctg.fa /work/pi_hputnam_uri_edu/HI_Genomes/Pmeandrina/Pocillopora_meandrina_HIv1.assembly.fasta /work/pi_hputnam_uri_edu/HI_Genomes/PacutaV2/Pocillopora_acuta_HIv2.assembly.fasta -o /work/pi_hputnam_uri_edu/Ptua_genome/quast

Version: 5.0.2

System information:
  OS: Linux-6.8.0-87-generic-x86_64-with-glibc2.39 (linux_64)
  Python version: 3.9.6
  CPUs number: 64

Started: 2025-12-04 21:16:50

Logging to /work/pi_hputnam_uri_edu/Ptua_genome/quast/quast.log
NOTICE: Maximum number of threads is set to 16 (use --threads option to set it manually)

CWD: /work/pi_hputnam_uri_edu/Ptua_genome
Main parameters: 
  MODE: default, threads: 16, eukaryotic: true, minimum contig length: 500, minimum alignment length: 65, \
  ambiguity: one, threshold for extensive misassembly size: 1000

Contigs:
  Pre-processing...
  1  Ptua_hifiasm_s35.p_ctg.fa ==> Ptua_hifiasm_s35.p_ctg
  2  Ptua_hifiasm_s45.p_ctg.fa ==> Ptua_hifiasm_s45.p_ctg
  3  Ptua_hifiasm_s55.p_ctg.fa ==> Ptua_hifiasm_s55.p_ctg
  4  Ptua_hifiasm_s65.p_ctg.fa ==> Ptua_hifiasm_s65.p_ctg
  5  /work/pi_hputnam_uri_edu/HI_Genomes/Pmeandrina/Pocillopora_meandrina_HIv1.assembly.fasta ==> Pocillopora_meandrina_HIv1.assembly
  6  /work/pi_hputnam_uri_edu/HI_Genomes/PacutaV2/Pocillopora_acuta_HIv2.assembly.fasta ==> Pocillopora_acuta_HIv2.assembly

2025-12-04 21:17:50
Running Basic statistics processor...
  Contig files: 
    1  Ptua_hifiasm_s35.p_ctg
    2  Ptua_hifiasm_s45.p_ctg
    3  Ptua_hifiasm_s55.p_ctg
    4  Ptua_hifiasm_s65.p_ctg
    5  Pocillopora_meandrina_HIv1.assembly
    6  Pocillopora_acuta_HIv2.assembly
  Calculating N50 and L50...
    1  Ptua_hifiasm_s35.p_ctg, N50 = 411573, L50 = 265, Total length = 346892374, GC % = 38.08, # N's per 100 kbp =  0.00
    2  Ptua_hifiasm_s45.p_ctg, N50 = 394316, L50 = 271, Total length = 352012482, GC % = 38.08, # N's per 100 kbp =  0.00
    3  Ptua_hifiasm_s55.p_ctg, N50 = 379661, L50 = 284, Total length = 362145096, GC % = 38.08, # N's per 100 kbp =  0.00
    4  Ptua_hifiasm_s65.p_ctg, N50 = 357345, L50 = 314, Total length = 375237682, GC % = 38.08, # N's per 100 kbp =  0.00
    5  Pocillopora_meandrina_HIv1.assembly, N50 = 10024633, L50 = 13, Total length = 376579914, GC % = 38.03, # N's per 100 kbp =  0.00
    6  Pocillopora_acuta_HIv2.assembly, N50 = 5167277, L50 = 24, Total length = 408287534, GC % = 38.11, # N's per 100 kbp =  0.00
  Drawing Nx plot...
    saved to /work/pi_hputnam_uri_edu/Ptua_genome/quast/basic_stats/Nx_plot.pdf
  Drawing cumulative plot...
    saved to /work/pi_hputnam_uri_edu/Ptua_genome/quast/basic_stats/cumulative_plot.pdf
  Drawing GC content plot...
    saved to /work/pi_hputnam_uri_edu/Ptua_genome/quast/basic_stats/GC_content_plot.pdf
  Drawing Ptua_hifiasm_s35.p_ctg GC content plot...
    saved to /work/pi_hputnam_uri_edu/Ptua_genome/quast/basic_stats/Ptua_hifiasm_s35.p_ctg_GC_content_plot.pdf
  Drawing Ptua_hifiasm_s45.p_ctg GC content plot...
    saved to /work/pi_hputnam_uri_edu/Ptua_genome/quast/basic_stats/Ptua_hifiasm_s45.p_ctg_GC_content_plot.pdf
  Drawing Ptua_hifiasm_s55.p_ctg GC content plot...
    saved to /work/pi_hputnam_uri_edu/Ptua_genome/quast/basic_stats/Ptua_hifiasm_s55.p_ctg_GC_content_plot.pdf
  Drawing Ptua_hifiasm_s65.p_ctg GC content plot...
    saved to /work/pi_hputnam_uri_edu/Ptua_genome/quast/basic_stats/Ptua_hifiasm_s65.p_ctg_GC_content_plot.pdf
  Drawing Pocillopora_meandrina_HIv1.assembly GC content plot...
    saved to /work/pi_hputnam_uri_edu/Ptua_genome/quast/basic_stats/Pocillopora_meandrina_HIv1.assembly_GC_content_plot.pdf
  Drawing Pocillopora_acuta_HIv2.assembly GC content plot...
    saved to /work/pi_hputnam_uri_edu/Ptua_genome/quast/basic_stats/Pocillopora_acuta_HIv2.assembly_GC_content_plot.pdf
Done.

NOTICE: Genes are not predicted by default. Use --gene-finding or --glimmer option to enable it.

2025-12-04 21:19:34
Creating large visual summaries...
This may take a while: press Ctrl-C to skip this step..
  1 of 2: Creating Icarus viewers...
  2 of 2: Creating PDF with all tables and plots...
Done

2025-12-04 21:19:51
RESULTS:
  Text versions of total report are saved to /work/pi_hputnam_uri_edu/Ptua_genome/quast/report.txt, report.tsv, and report.tex
  Text versions of transposed total report are saved to /work/pi_hputnam_uri_edu/Ptua_genome/quast/transposed_report.txt, transposed_report.tsv, and transposed_report.tex
  HTML version (interactive tables and plots) is saved to /work/pi_hputnam_uri_edu/Ptua_genome/quast/report.html
  PDF version (tables and plots) is saved to /work/pi_hputnam_uri_edu/Ptua_genome/quast/report.pdf
  Icarus (contig browser) is saved to /work/pi_hputnam_uri_edu/Ptua_genome/quast/icarus.html
  Log is saved to /work/pi_hputnam_uri_edu/Ptua_genome/quast/quast.log

Finished: 2025-12-04 21:19:52
Elapsed time: 0:03:01.520054
NOTICEs: 2; WARNINGs: 0; non-fatal ERRORs: 0

Thank you for using QUAST!
